bun : $ tsc --noEmit
At line:1 char:1
+ bun type > type_errors.txt 2>&1
+ ~~~~~~~~~~~~~~~~~~~~~~~~~~~~~~~
    + CategoryInfo          : NotSpecified: ($ tsc --noEmit:String) [], RemoteException
    + FullyQualifiedErrorId : NativeCommandError
 
src/app/workspace/[workspaceId]/usage/page.tsx(19,50): error TS2304: Cannot find name 'Id'.
src/features/notes/components/blocknote-editor.tsx(114,54): error TS2352: Conversion of type '(e: CustomEvent<{ content?: string; }>) => Promise<void>' to type 'EventListener' may be a mistake because neither type sufficiently overlaps with the other. If this was intentional, convert the expression to 'unknown' first.
  Types of parameters 'e' and 'evt' are incompatible.
    Type 'Event' is missing the following properties from type 'CustomEvent<{ content?: string | undefined; }>': detail, initCustomEvent
src/features/notes/components/blocknote-editor.tsx(117,58): error TS2352: Conversion of type '(e: CustomEvent<{ content?: string; }>) => Promise<void>' to type 'EventListener' may be a mistake because neither type sufficiently overlaps with the other. If this was intentional, convert the expression to 'unknown' first.
  Types of parameters 'e' and 'evt' are incompatible.
    Type 'Event' is missing the following properties from type 'CustomEvent<{ content?: string | undefined; }>': detail, initCustomEvent
error: script "type" exited with code 1
